2025-05-19 03:58:59,542 INFO Successfully loaded configuration files
2025-05-19 03:58:59,544 INFO Creating brand researcher agent with config
2025-05-19 03:59:01,058 INFO Creating analyze target brand task with config
2025-05-19 04:02:26,860 INFO Successfully loaded configuration files
2025-05-19 04:02:26,863 INFO Creating brand researcher agent with config
2025-05-19 04:02:28,222 INFO Creating analyze target brand task with config
2025-05-19 04:10:03,785 INFO Successfully loaded configuration files
2025-05-19 04:10:03,787 INFO Creating brand researcher agent with config
2025-05-19 04:10:05,066 INFO Starting crew kickoff with input: {'brand': 'BMW', 'location': 'Munich'}
2025-05-19 04:10:05,066 INFO Creating analyze target brand task with config
2025-05-19 04:10:05,359 INFO Crew instance created
2025-05-19 04:11:48,761 INFO Successfully loaded configuration files
2025-05-19 04:11:48,763 INFO Creating brand researcher agent with config
2025-05-19 04:11:49,889 INFO Starting crew kickoff with input: {'brand': 'BMW', 'location': 'Munich'}
2025-05-19 04:11:49,890 INFO Creating analyze target brand task with config
2025-05-19 04:11:50,150 INFO Crew instance created
2025-05-19 04:12:05,863 INFO Crew execution completed with result: {
  "brand_category": "Premium Automotive Manufacturer",
  "key_values": ["Innovation", "Sustainability", "Responsibility", "Quality", "Performance"],
  "target_audience": "Affluent consumers aged 30-55 who seek luxury, high-performance vehicles and are environmentally conscious.",
  "sustainability_highlights": "BMW is committed to reducing CO2 emissions per vehicle by 40% by 2030 compared to 2019, with a goal to offer 25 fully electric vehicle models by 2024. It emphasizes using renewable energy for its production processes and adheres to principles of the circular economy.",
  "collaboration_flags": ["eco-line", "open innovation", "public commitments"]
}

This summary provides a comprehensive view of BMW's brand identity, focusing on its sustainability efforts, market positioning, target demographic, and potential collaborative opportunities.
2025-05-19 04:12:05,869 INFO Starting crew kickoff with input: {'brand': 'BMW', 'location': 'Munich'}
2025-05-19 04:12:05,870 INFO Crew instance created
2025-05-19 04:12:24,129 INFO Crew execution completed with result: {
  "brand_category": "Premium Automotive Manufacturer",
  "key_values": ["Innovation", "Sustainability", "Responsibility", "Quality", "Performance"],
  "target_audience": "Affluent consumers aged 30-55 who value luxury, high-performance vehicles, and environmental responsibility.",
  "sustainability_highlights": "BMW is committed to reducing CO2 emissions by 40% by 2030 compared to 2019 levels. The company plans to have 25 fully electric vehicle models by 2024 and emphasizes the use of renewable energy in its production processes, adhering to circular economy principles.",
  "collaboration_flags": ["eco-line", "open innovation", "public commitments"]
} 

This summary encapsulates BMW's brand identity, showcasing its strong commitment to sustainability and innovation, as well as its target demographic and potential avenues for collaboration.
2025-05-19 04:12:24,135 INFO Starting crew kickoff with input: {'brand': 'BMW', 'location': 'Munich'}
2025-05-19 04:12:24,135 INFO Crew instance created
2025-05-19 04:12:38,240 INFO Crew execution completed with result: {
  "brand_category": "Premium Automotive Manufacturer",
  "key_values": ["Innovation", "Sustainability", "Responsibility", "Quality", "Performance"],
  "target_audience": "Affluent consumers aged 30-55 who value luxury, high-performance vehicles, and environmental responsibility.",
  "sustainability_highlights": "BMW is committed to sustainability by targeting a reduction of CO2 emissions per vehicle by 40% by 2030 compared to 2019 levels. They plan to offer 25 fully electric vehicle models by 2024 and emphasize the use of renewable energy in production processes, alongside adhering to circular economy principles.",
  "collaboration_flags": ["eco-line", "open innovation", "public commitments"]
}
2025-05-19 04:12:38,244 INFO Starting crew kickoff with input: {'brand': 'BMW', 'location': 'Munich'}
2025-05-19 04:12:38,244 INFO Crew instance created
2025-05-19 04:12:56,697 INFO Crew execution completed with result: {
  "brand_category": "Premium Automotive Manufacturer",
  "key_values": ["Innovation", "Sustainability", "Responsibility", "Quality", "Performance"],
  "target_audience": "Affluent consumers aged 30-55 who value luxury, high-performance vehicles, and environmental responsibility.",
  "sustainability_highlights": "BMW is committed to reducing CO2 emissions by 40% by 2030 compared to 2019 levels. It aims to offer 25 fully electric vehicle models by 2024 and emphasizes the use of renewable energy in production processes while adhering to principles of the circular economy.",
  "collaboration_flags": ["eco-line", "open innovation", "public commitments"]
} 

This summary encapsulates BMW's brand identity, including its strong commitment to sustainability, innovation, and its target audience, while highlighting potential avenues for collaboration.
2025-05-19 04:12:56,703 INFO Starting crew kickoff with input: {'brand': 'BMW', 'location': 'Munich'}
2025-05-19 04:12:56,703 INFO Crew instance created
2025-05-19 04:13:16,848 INFO Crew execution completed with result: {
  "brand_category": "Premium Automotive Manufacturer",
  "key_values": ["Innovation", "Sustainability", "Responsibility", "Quality", "Performance"],
  "target_audience": "Affluent consumers aged 30-55 who seek luxury, high-performance vehicles and are environmentally conscious, typically with annual incomes exceeding $100,000.",
  "sustainability_highlights": "BMW is committed to sustainability, targeting a 40% reduction in CO2 emissions per vehicle by 2030 compared to 2019 levels. The company plans to offer 25 fully electric vehicle models by 2024 and emphasizes renewable energy in its production processes, adhering to principles of the circular economy.",
  "collaboration_flags": ["eco-line", "open innovation", "public commitments"]
} 

This summary provides a comprehensive view of BMW's brand identity, focusing on its sustainability efforts, market positioning, target demographic, and potential collaborative opportunities.
2025-05-19 04:13:16,854 INFO Starting crew kickoff with input: {'brand': 'BMW', 'location': 'Munich'}
2025-05-19 04:13:16,854 INFO Crew instance created
2025-05-19 04:13:43,636 INFO Crew execution completed with result: {
  "brand_category": "Premium Automotive Manufacturer",
  "key_values": ["Innovation", "Sustainability", "Responsibility", "Quality", "Performance"],
  "target_audience": "Affluent consumers aged 30-55 who value luxury, high-performance vehicles, and environmental responsibility.",
  "sustainability_highlights": "BMW aims to achieve a 40% reduction in CO2 emissions per vehicle by 2030 compared to 2019 levels, with plans to launch 25 fully electric vehicle models by 2024. The company emphasizes the use of renewable energy in its production processes and adheres to the principles of the circular economy.",
  "collaboration_flags": ["eco-line", "open innovation", "public commitments"]
}
2025-05-19 04:13:43,641 INFO Starting crew kickoff with input: {'brand': 'BMW', 'location': 'Munich'}
2025-05-19 04:13:43,641 INFO Crew instance created
2025-05-19 04:13:58,954 INFO Crew execution completed with result: {
  "brand_category": "Premium Automotive Manufacturer",
  "key_values": ["Innovation", "Sustainability", "Responsibility", "Quality", "Performance"],
  "target_audience": "Affluent consumers aged 30-55 who value luxury, high-performance vehicles, and environmental responsibility.",
  "sustainability_highlights": "BMW is committed to reducing CO2 emissions by 40% per vehicle by 2030 compared to 2019 levels. It aims to offer 25 fully electric vehicle models by 2024 and emphasizes the use of renewable energy in its production processes while adhering to circular economy principles.",
  "collaboration_flags": ["eco-line", "open innovation", "public commitments"]
} 

This summary encapsulates BMW's brand identity, including its strong commitment to sustainability, innovation, and its target audience, while highlighting potential avenues for collaboration.
2025-05-19 04:13:58,958 INFO Starting crew kickoff with input: {'brand': 'BMW', 'location': 'Munich'}
2025-05-19 04:13:58,958 INFO Crew instance created
2025-05-19 04:14:16,874 INFO Crew execution completed with result: {
  "brand_category": "Premium Automotive Manufacturer",
  "key_values": ["Innovation", "Sustainability", "Responsibility", "Quality", "Performance"],
  "target_audience": "Affluent consumers aged 30-55 who value luxury, high-performance vehicles, and environmental responsibility.",
  "sustainability_highlights": "BMW is committed to significantly reducing CO2 emissions, targeting a 40% reduction per vehicle by 2030 compared to 2019 levels. The company aims to have 25 fully electric vehicle models by 2024 and employs renewable energy for production processes while adhering to the principles of the circular economy.",
  "collaboration_flags": ["eco-line", "open innovation", "public commitments"]
} 

This summary encapsulates BMW's brand identity, highlighting its strong commitment to sustainability and innovation, along with its target audience and potential collaborative opportunities.
2025-05-19 04:14:16,877 INFO Starting crew kickoff with input: {'brand': 'BMW', 'location': 'Munich'}
2025-05-19 04:14:16,877 INFO Crew instance created
2025-05-19 04:14:30,358 INFO Crew execution completed with result: {
  "brand_category": "Premium Automotive Manufacturer",
  "key_values": ["Innovation", "Sustainability", "Responsibility", "Quality", "Performance"],
  "target_audience": "Affluent consumers aged 30-55 who value luxury, high-performance vehicles, and environmental responsibility.",
  "sustainability_highlights": "BMW is committed to reducing CO2 emissions by 40% per vehicle by 2030 compared to 2019 levels. The company aims to offer 25 fully electric vehicle models by 2024, and emphasizes using renewable energy in its production processes, adhering to circular economy principles.",
  "collaboration_flags": ["eco-line", "open innovation", "public commitments"]
}
2025-05-19 04:14:30,366 INFO Starting crew kickoff with input: {'brand': 'BMW', 'location': 'Munich'}
2025-05-19 04:14:30,366 INFO Crew instance created
2025-05-19 04:14:45,275 INFO Crew execution completed with result: {
  "brand_category": "Premium Automotive Manufacturer",
  "key_values": ["Innovation", "Sustainability", "Responsibility", "Quality", "Performance"],
  "target_audience": "Affluent consumers aged 30-55 who value luxury, high-performance vehicles and demonstrate environmental responsibility.",
  "sustainability_highlights": "BMW aims to reduce CO2 emissions per vehicle by 40% by 2030 compared to 2019 levels, and plans to have 25 fully electric vehicle models by 2024. The company emphasizes using renewable energy in its manufacturing processes and adheres to principles of circular economy, including recycling and resource efficiency.",
  "collaboration_flags": ["eco-line", "open innovation", "public commitments"]
} 

This detailed summary encapsulates BMW's commitment to innovation and sustainability, defining its target audience and outlining avenues for potential collaborations.
2025-05-19 04:14:45,279 INFO Starting crew kickoff with input: {'brand': 'BMW', 'location': 'Munich'}
2025-05-19 04:14:45,279 INFO Crew instance created
2025-05-19 04:14:59,328 INFO Crew execution completed with result: {
  "brand_category": "Premium Automotive Manufacturer",
  "key_values": ["Innovation", "Sustainability", "Responsibility", "Quality", "Performance"],
  "target_audience": "Affluent consumers aged 30-55 who seek luxury, high-performance vehicles and are environmentally conscious.",
  "sustainability_highlights": "BMW is dedicated to sustainability, aiming to reduce CO2 emissions per vehicle by 40% by 2030 compared to 2019 figures and intends to introduce 25 fully electric models by 2024. The company heavily relies on renewable energy in its manufacturing processes and follows circular economy principles.",
  "collaboration_flags": ["eco-line", "open innovation", "public commitments"]
}
2025-05-19 04:14:59,332 INFO Starting crew kickoff with input: {'brand': 'BMW', 'location': 'Munich'}
2025-05-19 04:14:59,332 INFO Crew instance created
