2025-05-20 11:18:33,913 INFO Creating Sustainability Brand Researcher agent
2025-05-20 11:18:33,919 INFO Creating Plastic analyst agent
2025-05-20 11:22:10,038 INFO Creating Sustainability Brand Researcher agent
2025-05-20 11:22:10,046 INFO Creating Plastic analyst agent
2025-05-20 11:22:11,427 INFO Starting crew kickoff with input: {'brand_data': RealDictRow([('id', 2), ('brand_id', '88648ebf-6bf0-58d4-9b3c-aeecb7c13fff'), ('name', 'BMW'), ('industry', 'Automotive'), ('main_products', ['Luxury Cars', 'Electric Vehicles', 'Motorcycles']), ('sustainability_initiatives', ['100% recyclable vehicles by 2030', 'Using thermoplastics made from 40% recycled material', 'Doubling the proportion of secondary materials in production']), ('plastic_materials_used', ['Thermoplastics', 'Maritime plastic waste', 'Recycled materials in packaging']), ('past_collaborations', ['PLASTIX for recycling maritime plastic waste']), ('operational_regions', ['Europe', 'North America', 'Asia']), ('created_at', datetime.datetime(2025, 5, 19, 22, 7, 58, 802629)), ('similarity_score', 0.8176051080226898)]), 'plastic_data': RealDictRow([('id', 1), ('plastic_id', '6ac87e67-8a1c-5ac4-9ac4-2a646a398217'), ('type', 'Polypropylene'), ('properties', ['Lightweight and flexible', 'High melting point (around 160°C)', 'Resistant to moisture, chemicals, and UV radiation', 'Excellent tensile strength']), ('applications', ['Packaging (e.g., food containers, bags)', 'Textiles (e.g., carpets, upholstery)', 'Automotive parts', 'Medical equipment and supplies', 'Consumer goods (e.g., toys, storage boxes)']), ('environmental_impact', 'PP is recyclable but has a low recycling rate of about 3%. It generates fewer waste products in disposal and does not release toxic chemicals during recycling. However, its environmental footprint can be significant if not recycled properly, contributing to plastic waste.'), ('recycling_potential', 'Polypropylene is highly recyclable but faces challenges due to the complexities of sorting and processing. It can be recycled into various products but often loses integrity during mechanical recycling.'), ('regional_relevance', None), ('created_at', datetime.datetime(2025, 5, 19, 23, 15, 39, 489825)), ('similarity_score', 0.8158388733863831)])}
2025-05-20 11:22:11,434 INFO Crew instance created
2025-05-20 11:22:11,454 ERROR Error in plastic analysis kickoff: Error interpolating description: Invalid value for key 'brand_data': Unsupported type datetime in inputs. Only str, int, float, bool, dict, and list are allowed.
2025-05-20 11:29:36,548 INFO Creating Sustainability Brand Researcher agent
2025-05-20 11:29:36,554 INFO Creating Plastic analyst agent
2025-05-20 11:29:38,007 INFO Starting BrandAnalystCrew with input: {'brand': 'BMW', 'location': 'Munich'}
2025-05-20 11:29:38,007 INFO Creating analyze_target_brand task
2025-05-20 11:29:38,013 INFO Crew instance created
2025-05-20 11:29:44,353 INFO Crew execution completed with result: brand_id=None name='BMW' industry='Automotive' main_products=['Vehicles', 'Motorcycles', 'Electric Vehicles'] sustainability_initiatives=['Reduction of carbon emissions', 'Use of recycled materials in production', 'Circular economy initiatives', 'Design for Circularity', 'Involvement in CO2 reduction projects beyond the value chain'] plastic_materials_used=['Folding plastic alternatives made from over 90% recycled materials', 'Materials made from maritime plastic waste', 'Thermoplastics made from 40% recycled material'] past_collaborations=['Partnerships for using recycled fishing nets', 'Collaboration on sustainable packaging logistics'] operational_regions=['Global', 'Europe', 'Asia', 'North America']
2025-05-20 11:29:44,361 INFO Starting BrandAnalystCrew with input: {'brand': 'BMW', 'location': 'Munich'}
2025-05-20 11:29:44,361 INFO Crew instance created
2025-05-20 11:29:49,565 INFO Crew execution completed with result: brand_id=None name='BMW' industry='Automotive' main_products=['Cars', 'Motorcycles', 'Electric Vehicles'] sustainability_initiatives=['Transitioning to using recycled plastic materials in production', 'Creating 100% recyclable vehicles', 'Aim to increase the use of secondary materials in production to 40% by 2030', 'Working on circular economy practices', 'Involvement in CO2 reduction projects'] plastic_materials_used=['Recycled plastics', 'Plastics from recycled fishing nets', 'Thermoplastics made from 40% recycled material'] past_collaborations=['Collaboration with suppliers to ensure the sustainable sourcing of materials'] operational_regions=['Global operations, including manufacturing plants in Germany, the USA, and Asia']
2025-05-20 11:29:49,569 INFO Starting BrandAnalystCrew with input: {'brand': 'BMW', 'location': 'Munich'}
2025-05-20 11:29:49,570 INFO Crew instance created
2025-05-20 11:29:56,232 INFO Crew execution completed with result: brand_id=None name='BMW' industry='Automotive' main_products=['Luxury vehicles', 'Electric vehicles', 'Motorcycles'] sustainability_initiatives=['Integrating 60 kg of recycled plastics into vehicles', 'Using thermoplastics made from 40% recycled material by 2030', 'Commitment to circular economy', 'Engaging in CO2 reduction projects'] plastic_materials_used=['Recycled plastics', 'Thermoplastics from maritime plastic waste', 'Plastic alternatives made from recycled material'] past_collaborations=['Collaboration to repurpose recycled fishing nets for automotive parts'] operational_regions=['Global presence with manufacturing in Europe, Asia, and the Americas']
2025-05-20 11:29:56,236 INFO Starting BrandAnalystCrew with input: {'brand': 'BMW', 'location': 'Munich'}
2025-05-20 11:29:56,237 INFO Crew instance created
2025-05-20 11:29:59,412 INFO Crew execution completed with result: brand_id=None name='BMW' industry='Automotive' main_products=['Cars', 'Motorcycles'] sustainability_initiatives=['Decarbonization', 'Circular economy', 'Use of recycled materials'] plastic_materials_used=['Recycled plastics', 'Thermoplastics'] past_collaborations=['Partnership for sustainable packaging', 'Collaboration for recycled fishing nets'] operational_regions=['Global']
2025-05-20 11:29:59,417 INFO Starting BrandAnalystCrew with input: {'brand': 'BMW', 'location': 'Munich'}
2025-05-20 11:29:59,417 INFO Crew instance created
2025-05-20 11:30:04,517 INFO Crew execution completed with result: brand_id=None name='BMW' industry='Automotive' main_products=['Luxury Vehicles', 'Electric Vehicles', 'Motorcycles'] sustainability_initiatives=['100% recyclable vehicles by 2025', 'Using 60 kg of recycled plastics on average per vehicle', 'Sourcing thermoplastics made from 40% recycled materials by 2030', "Engaging in circular production principles and the 'Design for Circularity' initiative"] plastic_materials_used=['Folding plastic alternatives made from over 90% recycled materials', 'Recycled fishing nets', 'Thermoplastics with secondary materials'] past_collaborations=['Collaborations involving recycled materials', 'Engagement in CO2 reduction projects'] operational_regions=['Global', 'Manufacturing regions include Germany, the US, and China']
2025-05-20 11:30:04,522 INFO Starting BrandAnalystCrew with input: {'brand': 'BMW', 'location': 'Munich'}
2025-05-20 11:30:04,522 INFO Crew instance created
2025-05-20 11:31:08,223 INFO Creating Sustainability Brand Researcher agent
2025-05-20 11:31:08,228 INFO Creating Plastic analyst agent
2025-05-20 11:31:09,443 INFO Starting BrandAnalystCrew with input: {'brand': 'BMW', 'location': 'Munich'}
2025-05-20 11:31:09,444 INFO Creating analyze_target_brand task
2025-05-20 11:31:09,448 INFO Crew instance created
2025-05-20 11:50:46,893 INFO Creating Sustainability Brand Researcher agent
2025-05-20 11:50:46,900 INFO Creating Plastic analyst agent
2025-05-20 11:50:48,422 INFO Starting crew kickoff with input: {'brand_data': {'id': 2, 'brand_id': '88648ebf-6bf0-58d4-9b3c-aeecb7c13fff', 'name': 'BMW', 'industry': 'Automotive', 'main_products': ['Luxury Cars', 'Electric Vehicles', 'Motorcycles'], 'sustainability_initiatives': ['100% recyclable vehicles by 2030', 'Using thermoplastics made from 40% recycled material', 'Doubling the proportion of secondary materials in production'], 'plastic_materials_used': ['Thermoplastics', 'Maritime plastic waste', 'Recycled materials in packaging'], 'past_collaborations': ['PLASTIX for recycling maritime plastic waste'], 'operational_regions': ['Europe', 'North America', 'Asia'], 'created_at': '2025-05-19T22:07:58.802629', 'similarity_score': 0.8176051080226898}, 'plastic_data': {'id': 1, 'plastic_id': '6ac87e67-8a1c-5ac4-9ac4-2a646a398217', 'type': 'Polypropylene', 'properties': ['Lightweight and flexible', 'High melting point (around 160°C)', 'Resistant to moisture, chemicals, and UV radiation', 'Excellent tensile strength'], 'applications': ['Packaging (e.g., food containers, bags)', 'Textiles (e.g., carpets, upholstery)', 'Automotive parts', 'Medical equipment and supplies', 'Consumer goods (e.g., toys, storage boxes)'], 'environmental_impact': 'PP is recyclable but has a low recycling rate of about 3%. It generates fewer waste products in disposal and does not release toxic chemicals during recycling. However, its environmental footprint can be significant if not recycled properly, contributing to plastic waste.', 'recycling_potential': 'Polypropylene is highly recyclable but faces challenges due to the complexities of sorting and processing. It can be recycled into various products but often loses integrity during mechanical recycling.', 'regional_relevance': None, 'created_at': '2025-05-19T23:15:39.489825', 'similarity_score': 0.8158388733863831}}
2025-05-20 11:50:48,442 INFO Crew instance created
2025-05-20 11:51:00,154 INFO Crew execution completed with result: input_summary={'brand': 'Sustainable Brands Community', 'plastic': 'Various plastics used in sustainable products'} top_collaborating_brands=[CollaborationRecommendation(name='Good On You', industry='Fashion', rationale='Good On You is a platform helping consumers discover sustainable brands. Their mission aligns with promoting ethical and environmentally friendly practices.', product_concept='Collaborate on a curated collection of sustainable clothing lines, featuring brands that meet strict environmental standards.'), CollaborationRecommendation(name='Ethical Brand Directory', industry='Fashion and Beauty', rationale='This directory highlights independent ethical brands, making it an ideal partner for showcasing products made from sustainable plastics.', product_concept='Create a showcase featuring products made with recycled plastics from this directory, promoting the collaborative effort in sustainable innovation.'), CollaborationRecommendation(name='SB Insight', industry='Market Research', rationale='As a research entity focused on sustainable branding, they have insights on brands across various industries, which can facilitate strategic partnerships.', product_concept='Develop a report or series of webinars on the usage of recycled plastics in various products to promote sustainable practices.'), CollaborationRecommendation(name='Forbes Sustainability', industry='Media', rationale='Forbes provides a high-profile platform for sustainability trends and successful case studies, amplifying the reach of collaborative initiatives.', product_concept='Feature stories and articles about the innovative uses of sustainable plastics in partnership products, highlighting the benefits of the collaboration.'), CollaborationRecommendation(name='Madeto Sustain', industry='Eco-Friendly Products', rationale='This brand focuses on promoting sustainable products and can provide a direct path to eco-conscious consumers.', product_concept='Launch a line of eco-friendly products that leverage sustainable plastics, marketed together to emphasize environmental responsibility.')]
2025-05-20 11:53:49,195 INFO Creating Sustainability Brand Researcher agent
2025-05-20 11:53:49,203 INFO Creating Plastic analyst agent
2025-05-20 11:53:49,437 INFO Starting BrandAnalystCrew with input: {'brand': 'bosch', 'location': 'Berlin'}
2025-05-20 11:53:49,437 INFO Creating analyze_target_brand task
2025-05-20 11:53:49,443 INFO Crew instance created
2025-05-20 11:53:54,938 INFO Crew execution completed with result: brand_id=None name='Bosch' industry='Engineering and Technology' main_products=['Power Tools', 'Automotive Components', 'Home Appliances', 'Industrial Technology'] sustainability_initiatives=['Plastic-free packaging initiatives', 'Partnership with WWF Germany', 'Elimination of virgin plastic', 'Sustainable logistics collaborations'] plastic_materials_used=['Recyclable plastic alternatives', 'Virgin plastic'] past_collaborations=['WWF Germany', 'DS Smith for packaging solutions'] operational_regions=['Global', 'Europe', 'Asia', 'North America']
2025-05-20 11:53:54,946 INFO Starting BrandAnalystCrew with input: {'brand': 'bosch', 'location': 'Berlin'}
2025-05-20 11:53:54,947 INFO Crew instance created
2025-05-20 11:53:59,050 INFO Crew execution completed with result: brand_id=None name='Bosch' industry='Engineering and Technology' main_products=['Automotive components', 'Power tools', 'Home appliances', 'Industrial technology'] sustainability_initiatives=['Eliminating virgin plastic', 'Using recyclable packaging', 'Long-term partnership with WWF Germany', 'Sustainable logistics collaborations'] plastic_materials_used=['Recyclable plastics', 'Cardboard (as a replacement for plastic packaging)'] past_collaborations=['WWF Germany', 'DS Smith for packaging solutions'] operational_regions=['Global']
2025-05-20 11:53:59,075 INFO Starting BrandAnalystCrew with input: {'brand': 'bosch', 'location': 'Berlin'}
2025-05-20 11:53:59,076 INFO Crew instance created
2025-05-20 11:54:07,024 INFO Crew execution completed with result: brand_id=None name='Bosch' industry='Engineering and Technology' main_products=['Power tools', 'Home appliances', 'Automotive components', 'Industrial technology'] sustainability_initiatives=['Commitment to reducing plastic usage', 'Circular economy initiatives', 'Partnerships for sustainable logistics'] plastic_materials_used=['Formed fiber packaging', 'Virgin plastic for certain products (to be phased out)'] past_collaborations=['WWF Germany', 'DS Smith for packaging solutions'] operational_regions=['Global operations with significant presence in Europe, Asia, and North America']
2025-05-20 11:54:07,028 INFO Starting BrandAnalystCrew with input: {'brand': 'bosch', 'location': 'Berlin'}
2025-05-20 11:54:07,029 INFO Crew instance created
2025-05-20 11:54:11,146 INFO Crew execution completed with result: brand_id=None name='Bosch' industry='Engineering and Technology' main_products=['Automotive components', 'Household appliances', 'Industrial equipment', 'Power tools'] sustainability_initiatives=['Use, repair, and reuse products and materials', 'Elimination of virgin plastic', 'Partnership with WWF Germany for sustainability'] plastic_materials_used=['Formed fiber for packaging (replacing traditional plastics)', 'Recyclable plastics in some products'] past_collaborations=['Long-term partnership with WWF Germany', 'Collaboration on sustainable logistics with suppliers'] operational_regions=['Global', 'Europe', 'North America', 'Asia']
2025-05-20 11:54:11,154 INFO Starting BrandAnalystCrew with input: {'brand': 'bosch', 'location': 'Berlin'}
2025-05-20 11:54:11,154 INFO Crew instance created
2025-05-20 11:54:17,137 INFO Crew execution completed with result: brand_id=None name='Bosch' industry='Engineering and Technology' main_products=['Home Appliances', 'Power Tools', 'Automotive Parts'] sustainability_initiatives=['Eliminating virgin plastic by 4,050 metric tons annually', 'Using recyclable materials', 'Partnership with WWF Germany'] plastic_materials_used=['Recyclable formed fiber packaging', 'Plastic-free packaging'] past_collaborations=['WWF Germany', 'DS Smith for industrial packaging'] operational_regions=['Global operations with significant presence in Europe and the Americas']
2025-05-20 11:54:17,142 INFO Starting BrandAnalystCrew with input: {'brand': 'bosch', 'location': 'Berlin'}
2025-05-20 11:54:17,142 INFO Crew instance created
2025-05-20 13:21:01,602 INFO Creating Sustainability Brand Researcher agent
2025-05-20 13:21:01,607 INFO Creating Plastic analyst agent
2025-05-20 13:21:02,923 INFO Starting crew kickoff with input: {'brand_data': {'id': 6, 'brand_id': '90c7f015-0839-561a-b0dc-97d07f4bb111', 'name': 'Bosch', 'industry': 'Engineering and Technology', 'main_products': ['Power Tools', 'Automotive Components', 'Home Appliances', 'Industrial Technology'], 'sustainability_initiatives': ['Plastic-free packaging initiatives', 'Partnership with WWF Germany', 'Elimination of virgin plastic', 'Sustainable logistics collaborations'], 'plastic_materials_used': ['Recyclable plastic alternatives', 'Virgin plastic'], 'past_collaborations': ['WWF Germany', 'DS Smith for packaging solutions'], 'operational_regions': ['Global', 'Europe', 'Asia', 'North America'], 'created_at': '2025-05-20T09:53:54.996704', 'similarity_score': 0.8417637050151825}, 'plastic_data': {'id': 1, 'plastic_id': '6ac87e67-8a1c-5ac4-9ac4-2a646a398217', 'type': 'Polypropylene', 'properties': ['Lightweight and flexible', 'High melting point (around 160°C)', 'Resistant to moisture, chemicals, and UV radiation', 'Excellent tensile strength'], 'applications': ['Packaging (e.g., food containers, bags)', 'Textiles (e.g., carpets, upholstery)', 'Automotive parts', 'Medical equipment and supplies', 'Consumer goods (e.g., toys, storage boxes)'], 'environmental_impact': 'PP is recyclable but has a low recycling rate of about 3%. It generates fewer waste products in disposal and does not release toxic chemicals during recycling. However, its environmental footprint can be significant if not recycled properly, contributing to plastic waste.', 'recycling_potential': 'Polypropylene is highly recyclable but faces challenges due to the complexities of sorting and processing. It can be recycled into various products but often loses integrity during mechanical recycling.', 'regional_relevance': None, 'created_at': '2025-05-19T23:15:39.489825', 'similarity_score': 0.8158388733863831}}
2025-05-20 13:21:02,935 INFO Crew instance created
2025-05-20 13:22:07,414 INFO Creating Sustainability Brand Researcher agent
2025-05-20 13:22:07,419 INFO Creating Plastic analyst agent
2025-05-20 13:22:08,637 INFO Starting BrandAnalystCrew with input: {'brand': 'Lego', 'location': 'Berlin'}
2025-05-20 13:22:08,638 INFO Creating analyze_target_brand task
2025-05-20 13:22:08,642 INFO Crew instance created
2025-05-20 13:22:14,462 INFO Crew execution completed with result: brand_id=None name='Lego' industry='Toys' main_products=['Lego bricks', 'Lego sets', 'Minifigures'] sustainability_initiatives=['Reducing greenhouse gas emissions by 37% by 2032', 'Using sustainable packaging materials', 'Transitioning to more sustainable raw materials', 'Supplier Sustainability Programme'] plastic_materials_used=['ABS plastic', 'Polycarbonate', 'Bio-based plastics from sugarcane'] past_collaborations=[] operational_regions=['Vietnam', 'Europe', 'Global']
2025-05-20 13:22:14,469 INFO Starting BrandAnalystCrew with input: {'brand': 'Lego', 'location': 'Berlin'}
2025-05-20 13:22:14,469 INFO Crew instance created
2025-05-20 13:22:18,937 INFO Crew execution completed with result: brand_id=None name='Lego' industry='Toys and Entertainment' main_products=['Building Bricks', 'Playsets', 'Minifigures'] sustainability_initiatives=['Aiming to reduce greenhouse gas emissions by 37% by 2032', 'Transitioning to more sustainable raw materials', 'Switching to paper-based packaging to replace single-use plastics', 'Launched a Supplier Sustainability Programme to enhance collaboration with suppliers'] plastic_materials_used=['ABS plastic', 'Polycarbonate', 'Bioplastics made from Brazilian sugarcane'] past_collaborations=[] operational_regions=['Vietnam', 'Europe', 'United States']
2025-05-20 13:22:18,942 INFO Starting BrandAnalystCrew with input: {'brand': 'Lego', 'location': 'Berlin'}
2025-05-20 13:22:18,942 INFO Crew instance created
2025-05-20 13:22:23,215 INFO Crew execution completed with result: brand_id=None name='Lego' industry='Toys and Games' main_products=['LEGO bricks', 'LEGO sets', 'LEGO minifigures'] sustainability_initiatives=['Reducing greenhouse gas emissions by 37% by 2032', 'Transitioning to sustainable raw materials', 'Using more sustainable packaging such as paper-based bags', 'Launching Supplier Sustainability Programme to enhance collaboration with suppliers', 'Implementing carbon-neutral manufacturing processes'] plastic_materials_used=['Novodur ABS', 'Makrolon polycarbonate', 'Brazilian sugarcane-based plastics'] past_collaborations=[] operational_regions=['Vietnam', 'Europe', 'United States']
2025-05-20 13:22:23,219 INFO Starting BrandAnalystCrew with input: {'brand': 'Lego', 'location': 'Berlin'}
2025-05-20 13:22:23,220 INFO Crew instance created
2025-05-20 13:22:27,790 INFO Crew execution completed with result: brand_id=None name='Lego' industry='Toys and games' main_products=['LEGO bricks', 'LEGO sets', 'LEGO minifigures'] sustainability_initiatives=['Reducing greenhouse gas emissions', 'Transitioning to sustainable raw materials', 'Eliminating single-use plastics', 'Implementing a Supplier Sustainability Programme', 'Using paper-based packaging'] plastic_materials_used=['ABS (Acrylonitrile Butadiene Styrene)', 'Polycarbonate', 'Dyes like Macrolex', 'Sugarcane-based plastics'] past_collaborations=[] operational_regions=['Europe', 'Asia', 'United States', 'Vietnam']
2025-05-20 13:22:27,796 INFO Starting BrandAnalystCrew with input: {'brand': 'Lego', 'location': 'Berlin'}
2025-05-20 13:22:27,796 INFO Crew instance created
2025-05-20 13:22:35,888 INFO Crew execution completed with result: brand_id=None name='Lego' industry='Toys and Games' main_products=['LEGO bricks', 'LEGO Sets', 'LEGO Robotics'] sustainability_initiatives=['Aiming to reduce greenhouse gas emissions by 37% by 2032', 'Transitioning to sustainable raw materials', 'Implementing a Supplier Sustainability Programme', 'Using paper-based packaging to replace single-use plastic'] plastic_materials_used=['ABS (Acrylonitrile Butadiene Styrene)', 'Makrolon polycarbonate', 'Macrolex dyes', 'Plastic made from Brazilian sugarcane'] past_collaborations=[] operational_regions=['Europe', 'Vietnam', 'Chesterfield County, Virginia']
2025-05-20 13:22:35,897 INFO Starting BrandAnalystCrew with input: {'brand': 'Lego', 'location': 'Berlin'}
2025-05-20 13:22:35,898 INFO Crew instance created
2025-05-20 15:49:41,874 INFO Creating Sustainability Brand Researcher agent
2025-05-20 15:49:41,879 INFO Creating Plastic analyst agent
2025-05-20 15:50:27,789 INFO Creating Sustainability Brand Researcher agent
2025-05-20 15:50:27,794 INFO Creating Plastic analyst agent
2025-05-20 15:50:28,956 INFO Starting BrandAnalystCrew with input: {'brand': 'BMW', 'location': 'Munich'}
2025-05-20 15:50:28,957 INFO Creating analyze_target_brand task
2025-05-20 15:50:28,968 INFO Crew instance created
2025-05-20 15:50:36,371 INFO Crew execution completed with result: brand_id=None name='BMW' industry='Automotive' main_products=['Luxury vehicles', 'Electric vehicles', 'Motorcycles'] sustainability_initiatives=['Aiming to double the proportion of secondary materials in thermoplastic production from 20% to 40% by 2030', 'Using maritime plastic waste to produce vehicle trim parts', 'Commitment to creating 100% recyclable vehicles by 2025', 'Purchasing 100% green power for carbon-neutral production locations'] plastic_materials_used=['Recycled materials (thermoplastics from 40% recycled content)'] past_collaborations=[] operational_regions=['Europe', 'Global']
2025-05-20 15:50:36,375 INFO Starting BrandAnalystCrew with input: {'brand': 'BMW', 'location': 'Munich'}
2025-05-20 15:50:36,379 INFO Crew instance created
2025-05-20 15:50:43,566 INFO Crew execution completed with result: brand_id=None name='BMW' industry='Automotive' main_products=['Vehicles', 'Motorcycles'] sustainability_initiatives=['Aiming to use thermoplastics made from 40% recycled materials by 2030', 'Purchasing 100% green power since 2020 to achieve carbon neutrality in production', 'Focus on using recyclable materials and reducing CO2 emissions', 'Sustainable packaging initiatives in logistics using more recycled material'] plastic_materials_used=['Thermoplastics made from recycled materials', 'Recycled packaging materials'] past_collaborations=['Engagement in circular economy practices', 'Partnerships encouraging reduction of plastic waste'] operational_regions=['Europe', 'Global (operates in several international markets)']
2025-05-20 15:50:43,571 INFO Starting BrandAnalystCrew with input: {'brand': 'BMW', 'location': 'Munich'}
2025-05-20 15:50:43,572 INFO Crew instance created
2025-05-20 15:50:48,854 INFO Crew execution completed with result: brand_id=None name='BMW' industry='Automotive' main_products=['Cars', 'Motorcycles'] sustainability_initiatives=['Circular economy practices', 'Commitment to 100% recyclable vehicles by 2030', 'Sustainable sourcing of materials', 'Use of renewable energy for production'] plastic_materials_used=['Thermoplastics made from 40% recycled material'] past_collaborations=['Collaborations with environmental organizations for sustainable practices', 'Partnerships to reduce plastic waste'] operational_regions=['Europe', 'Asia', 'North America']
2025-05-20 15:50:48,859 INFO Starting BrandAnalystCrew with input: {'brand': 'BMW', 'location': 'Munich'}
2025-05-20 15:50:48,859 INFO Crew instance created
2025-05-20 15:50:53,105 INFO Crew execution completed with result: brand_id=None name='BMW' industry='Automotive' main_products=['Vehicles', 'Motorcycles'] sustainability_initiatives=['Creating 100% recyclable vehicles', 'Using thermoplastics made from 40% recycled materials by 2030', 'Reducing carbon emissions', 'Utilizing sustainable packaging in logistics', 'Sourcing secondary materials for production'] plastic_materials_used=['Thermoplastics (40% recycled materials)'] past_collaborations=['Sustainable packaging initiatives'] operational_regions=['Europe', 'Global']
2025-05-20 15:50:53,109 INFO Starting BrandAnalystCrew with input: {'brand': 'BMW', 'location': 'Munich'}
2025-05-20 15:50:53,110 INFO Crew instance created
2025-05-20 15:50:57,782 INFO Crew execution completed with result: brand_id=None name='BMW' industry='Automotive' main_products=['Cars', 'Motorcycles'] sustainability_initiatives=['Using thermoplastics with 40% recycled material by 2030', 'Increased use of recycled materials in packaging', 'Commitment to 100% recyclable vehicles'] plastic_materials_used=['Thermoplastics from recycled materials'] past_collaborations=[] operational_regions=['Global', 'Europe']
2025-05-20 15:50:57,788 INFO Starting BrandAnalystCrew with input: {'brand': 'BMW', 'location': 'Munich'}
2025-05-20 15:50:57,788 INFO Crew instance created
2025-05-20 16:00:24,332 INFO Creating Sustainability Brand Researcher agent
2025-05-20 16:00:24,337 INFO Creating Plastic analyst agent
2025-05-20 16:00:25,767 INFO Starting BrandAnalystCrew with input: {'brand': 'Ford', 'location': 'Florida'}
2025-05-20 16:00:25,768 INFO Creating analyze_target_brand task
2025-05-20 16:00:25,778 INFO Crew instance created
2025-05-20 16:00:33,827 INFO Crew execution completed with result: brand_id=None name='Ford' industry='Automotive' main_products=['Automobiles', 'Trucks', 'SUVs'] sustainability_initiatives=['Achieving carbon neutrality by 2050', 'Target of 20% recycled and renewable plastics in new vehicle designs by 2025', 'Plan to reach true zero-waste landfills across operations by 2030'] plastic_materials_used=['Recycled plastics', 'Soy-based foams', 'Recycled polypropylene plastic'] past_collaborations=['Partnership with DowAksa to reduce energy for carbon fiber production'] operational_regions=['North America', 'Europe', 'Asia']
2025-05-20 16:00:33,970 INFO Starting BrandAnalystCrew with input: {'brand': 'Ford', 'location': 'Florida'}
2025-05-20 16:00:33,971 INFO Crew instance created
2025-05-20 16:00:39,237 INFO Crew execution completed with result: brand_id=None name='Ford' industry='Automotive' main_products=['Cars', 'Trucks', 'SUVs', 'Commercial vehicles'] sustainability_initiatives=['Achieve carbon neutrality by 2035', '100% renewable energy for manufacturing plants', '20% recycled and renewable plastics in new vehicle designs by 2025'] plastic_materials_used=['Recycled plastics', 'Soy-based foams', 'Recycled polypropylene'] past_collaborations=['Partnering with DowAksa for carbon fiber recycling and production'] operational_regions=['North America', 'Europe', 'Asia-Pacific', 'South America']
2025-05-20 16:00:39,269 INFO Starting BrandAnalystCrew with input: {'brand': 'Ford', 'location': 'Florida'}
2025-05-20 16:00:39,269 INFO Crew instance created
2025-05-20 16:00:45,484 INFO Crew execution completed with result: brand_id=None name='Ford' industry='Automotive' main_products=['Cars', 'Trucks', 'SUVs'] sustainability_initiatives=['Achieving carbon neutrality by 2035', 'Using 100% locally-sourced renewable energy for manufacturing plants', 'Incorporated recycled and renewable materials in vehicle interiors'] plastic_materials_used=['Recycled plastics', 'Soy-based foams', '60% recycled polypropylene plastic'] past_collaborations=['Partnership with DowAksa to develop carbon fiber components'] operational_regions=['North America', 'Europe', 'Asia']
2025-05-20 16:00:45,515 INFO Starting BrandAnalystCrew with input: {'brand': 'Ford', 'location': 'Florida'}
2025-05-20 16:00:45,515 INFO Crew instance created
2025-05-20 16:08:52,386 INFO Creating Sustainability Brand Researcher agent
2025-05-20 16:08:52,390 INFO Creating Plastic analyst agent
2025-05-20 16:08:53,544 INFO Starting crew kickoff with input: {'plastic_type': 'PP', 'location': 'Florida'}
2025-05-20 16:08:53,544 INFO Creating analyze plastic material task
2025-05-20 16:08:53,548 INFO Crew instance created
2025-05-20 16:08:59,655 INFO Crew execution completed with result: plastic_id=None type='Polypropylene (PP)' properties=['Durable and flexible', 'Good chemical resistance', 'Excellent fatigue resistance', 'Low density', 'Good thermal properties'] applications=['Packaging (food containers, bags)', 'Automotive parts', 'Textiles (carpets, upholstery)', 'Household goods (storage bins, furniture)', 'Medical supplies'] environmental_impact='Polypropylene is not biodegradable and poses pollution risks. Its recycling rate is low (around 3%), which undermines its sustainability potential despite being fully recyclable without releasing toxins during recycling.' recycling_potential='PP can be recycled into new products, but challenges exist due to the need for proper sorting. It has a lower recycling rate compared to other plastics, often leading to it ending up in landfills.' regional_relevance=None
2025-05-20 16:08:59,792 INFO Starting crew kickoff with input: {'plastic_type': 'PP', 'location': 'Florida'}
2025-05-20 16:08:59,792 INFO Crew instance created
2025-05-20 16:09:06,086 INFO Crew execution completed with result: plastic_id='PP' type='Polypropylene (PP)' properties=['Lightweight', 'High chemical resistance', 'Thermoplastic nature', 'Good fatigue resistance', 'Versatile and can be produced in homopolymer, block copolymer, and random copolymer forms'] applications=['Containers and packaging', 'Automotive parts', 'Textiles and fibers', 'Household products', 'Medical devices'] environmental_impact='PP is recyclable but has a low recycling rate (~3%), which undermines its potential for sustainability. It generates fewer emissions and waste during disposal but does not biodegrade easily and can contribute to pollution.' recycling_potential='Polypropylene is highly recyclable, though the recycling process can be complex, leading to potential loss of material integrity. It can be recycled into new products, although current practices lag behind other plastics.' regional_relevance=None
2025-05-20 16:09:06,227 INFO Starting crew kickoff with input: {'plastic_type': 'PP', 'location': 'Florida'}
2025-05-20 16:09:06,227 INFO Crew instance created
2025-05-20 16:09:52,652 INFO Creating Sustainability Brand Researcher agent
2025-05-20 16:09:52,656 INFO Creating Plastic analyst agent
2025-05-20 16:09:54,296 INFO Starting BrandAnalystCrew with input: {'brand': 'Tesla', 'location': 'Munich'}
2025-05-20 16:09:54,297 INFO Creating analyze_target_brand task
2025-05-20 16:09:54,300 INFO Crew instance created
2025-05-20 16:09:58,888 INFO Crew execution completed with result: brand_id=None name='Tesla' industry='Automotive' main_products=['Electric Vehicles', 'Energy Storage Solutions', 'Solar Energy Products'] sustainability_initiatives=['Battery recycling', 'Sourcing materials from environmentally responsible suppliers', 'Enhancing supply chain management to minimize carbon emissions'] plastic_materials_used=['Recycled plastics in vehicle interiors'] past_collaborations=["Collaboration with Austin's recycling and waste management companies"] operational_regions=['United States', 'Germany', 'China', 'Canada']
2025-05-20 16:09:59,016 INFO Starting BrandAnalystCrew with input: {'brand': 'Tesla', 'location': 'Munich'}
2025-05-20 16:09:59,016 INFO Crew instance created
2025-05-20 16:10:03,477 INFO Crew execution completed with result: brand_id=None name='Tesla' industry='Automotive' main_products=['Electric Vehicles', 'Energy Storage Systems', 'Solar Products'] sustainability_initiatives=[' sourcing materials from environmentally responsible suppliers', 'enhancing supply chain management practices to reduce carbon emissions', 'battery recycling initiatives', 'collaboration with local recycling and waste management companies', 'zero-emissions electricity generation from solar energy'] plastic_materials_used=['Recycled plastics in vehicle components', 'Plastic components in battery and auto parts', 'Use of sustainable materials across manufacturing processes'] past_collaborations=["Collaboration with Austin's recycling and waste management companies", 'Various partnerships aimed at reducing plastic waste within the automotive supply chain'] operational_regions=['North America', 'Europe', 'Asia']
2025-05-20 16:10:03,506 INFO Starting BrandAnalystCrew with input: {'brand': 'Tesla', 'location': 'Munich'}
2025-05-20 16:10:03,506 INFO Crew instance created
2025-05-20 16:35:01,077 INFO Creating Sustainability Brand Researcher agent
2025-05-20 16:35:01,082 INFO Creating Plastic analyst agent
2025-05-20 16:35:02,339 INFO Starting crew kickoff with input: {'plastic_type': 'PP', 'location': 'Munich'}
2025-05-20 16:35:02,340 INFO Creating analyze plastic material task
2025-05-20 16:35:02,350 INFO Crew instance created
2025-05-20 22:58:23,026 INFO Creating Sustainability Brand Researcher agent
2025-05-20 22:58:23,032 INFO Creating Plastic analyst agent
2025-05-20 22:58:24,298 INFO Starting BrandAnalystCrew with input: {'brand': 'BMW', 'location': 'Munich'}
2025-05-20 22:58:24,298 INFO Creating analyze_target_brand task
2025-05-20 22:58:24,302 INFO Crew instance created
2025-05-20 22:58:31,835 INFO Crew execution completed with result: brand_id=None name='BMW' industry='Automotive' main_products=['Luxury Cars', 'Electric Vehicles', 'Motorcycles'] sustainability_initiatives=['Commitment to 100% recyclable vehicles', 'Using thermoplastics made from 40% recycled material by 2030', 'Purchasing 100% green power for carbon neutrality in production'] plastic_materials_used=['Folding plastic alternatives made from over 90% recycled materials', 'Thermoplastics with 40% recycled content from maritime waste'] past_collaborations=['Projects using recycled fishing nets', 'Sustainable packaging initiatives in logistics'] operational_regions=['Global']
2025-05-20 22:58:31,839 INFO Starting BrandAnalystCrew with input: {'brand': 'BMW', 'location': 'Munich'}
2025-05-20 22:58:31,839 INFO Crew instance created
2025-05-20 22:58:37,575 INFO Crew execution completed with result: brand_id=None name='BMW' industry='Automotive' main_products=['Cars', 'Motorcycles'] sustainability_initiatives=['Double the proportion of secondary materials in thermoplastics production from 20% to 40% by 2030', 'Aim to use thermoplastics made from 40 percent recycled material in new vehicles by 2030', 'Purchasing 100% green power to turn production locations carbon-neutral', 'Commitment to circular economy and creating 100% recyclable vehicles', 'Using folding plastic alternatives made from over 90 percent recycled materials in logistics'] plastic_materials_used=['Recycled thermoplastics', 'Plastic parts made from recycled fishing nets'] past_collaborations=['Collaborations with initiatives to reduce plastic waste', 'Working with suppliers to ensure sustainability policies', 'Engaging in circular production principles'] operational_regions=['Global']
2025-05-20 22:58:37,578 INFO Starting BrandAnalystCrew with input: {'brand': 'BMW', 'location': 'Munich'}
2025-05-20 22:58:37,579 INFO Crew instance created
2025-05-20 22:58:44,373 INFO Crew execution completed with result: brand_id=None name='BMW' industry='Automotive' main_products=['Cars', 'Motorcycles', 'Electric vehicles'] sustainability_initiatives=['Use of folding plastic alternatives made from over 90% recycled materials', 'Creating 100% recyclable vehicles', 'Aiming to double the proportion of secondary materials in thermoplastics to 40% by 2030', 'Purchasing 100% green power for production', 'Using thermoplastics made from 40% recycled materials in new vehicles by 2030'] plastic_materials_used=['Thermoplastics', 'Plastic components made from recycled fishing nets', 'Plastic alternatives in logistics'] past_collaborations=['Working with various initiatives to incorporate recycled materials and reduce carbon footprints', 'Collaboration with partners to reduce ocean pollution by using maritime plastic waste'] operational_regions=['Global', 'Europe', 'North America', 'Asia']
2025-05-20 22:58:44,376 INFO Starting BrandAnalystCrew with input: {'brand': 'BMW', 'location': 'Munich'}
2025-05-20 22:58:44,377 INFO Crew instance created
2025-05-20 22:58:52,566 INFO Crew execution completed with result: brand_id=None name='BMW' industry='Automotive' main_products=['Cars', 'Motorcycles'] sustainability_initiatives=['100% recyclable vehicles', 'Doubling the use of secondary materials in thermoplastics to 40% by 2030', 'Turn production locations carbon-neutral', '100% green power since 2020'] plastic_materials_used=['Folding plastic alternatives made from over 90% recycled materials', 'Thermoplastics made from 40% recycled materials'] past_collaborations=['Collaborating to use maritime plastic waste in vehicle parts'] operational_regions=['Global']
2025-05-20 22:58:52,569 INFO Starting BrandAnalystCrew with input: {'brand': 'BMW', 'location': 'Munich'}
2025-05-20 22:58:52,570 INFO Crew instance created
2025-05-20 22:58:56,565 INFO Crew execution completed with result: brand_id=None name='BMW' industry='Automotive' main_products=['Cars', 'Motorcycles'] sustainability_initiatives=['Using thermoplastics made from 40% recycled material in vehicles by 2030', 'Creating 100% recyclable vehicles', 'Engaging in sustainable packaging logistics'] plastic_materials_used=['Thermoplastics', 'Folding plastic alternatives from recycled materials'] past_collaborations=['Collaboration with initiatives to use maritime plastic waste in vehicle production', 'Partnerships aimed at reducing ocean pollution through recycled materials'] operational_regions=['Global', 'Germany', 'USA', 'China']
2025-05-20 22:58:56,568 INFO Starting BrandAnalystCrew with input: {'brand': 'BMW', 'location': 'Munich'}
2025-05-20 22:58:56,568 INFO Crew instance created
2025-05-20 22:59:04,442 INFO Crew execution completed with result: brand_id=None name='BMW' industry='Automotive' main_products=['Cars', 'Motorcycles'] sustainability_initiatives=['Using folding plastic packaging alternatives made from over 90% recycled materials', 'Creating 100% recyclable vehicles', 'Implementing a circular economy strategy', 'Doubling the proportion of secondary materials in thermoplastics production from 20% to 40% by 2030', 'Purchasing 100% green power for production locations', 'Using thermoplastics made from 40% recycled materials'] plastic_materials_used=['Folding plastic packaging', 'Thermoplastics made from recycled materials'] past_collaborations=['Collaborations to use maritime plastic waste in manufacturing', 'Partnerships for developing sustainable logistics and materials'] operational_regions=['Germany', 'Europe', 'Global operations']
2025-05-20 22:59:04,446 INFO Starting BrandAnalystCrew with input: {'brand': 'BMW', 'location': 'Munich'}
2025-05-20 22:59:04,446 INFO Crew instance created
2025-05-20 23:15:45,443 INFO Creating Sustainability Brand Researcher agent
2025-05-20 23:15:45,449 INFO Creating Plastic analyst agent
2025-05-20 23:15:46,619 INFO Starting BrandAnalystCrew with input: {'brand': 'BMW', 'location': 'Munich'}
2025-05-20 23:15:46,619 INFO Creating analyze_target_brand task
2025-05-20 23:15:46,634 INFO Crew instance created
2025-05-20 23:18:21,966 INFO Creating Sustainability Brand Researcher agent
2025-05-20 23:18:21,971 INFO Creating Plastic analyst agent
2025-05-20 23:18:23,128 INFO Starting BrandAnalystCrew with input: {'brand': 'BMW', 'location': 'Munich'}
2025-05-20 23:18:23,129 INFO Creating analyze_target_brand task
2025-05-20 23:18:23,133 INFO Crew instance created
2025-05-20 23:18:32,141 INFO Crew execution completed with result: brand_id='BMW' name='BMW' industry='Automobile' main_products=['Luxury Vehicles', 'Electric Vehicles', 'Motorcycles'] sustainability_initiatives=['Using folding plastic alternatives made from over 90% recycled materials', 'Creating 100% recyclable vehicles', 'Aiming to use thermoplastics made from 40% recycled material by 2030'] plastic_materials_used=['Folding plastic packaging', 'Thermoplastics from maritime plastic waste'] past_collaborations=['Collaboration with various partners to utilize recycled fishing nets and plastic materials'] operational_regions=['Global']
2025-05-20 23:18:32,144 INFO Starting BrandAnalystCrew with input: {'brand': 'BMW', 'location': 'Munich'}
2025-05-20 23:18:32,144 INFO Crew instance created
2025-05-20 23:18:36,915 INFO Crew execution completed with result: brand_id=None name='BMW' industry='Automotive' main_products=['Passenger vehicles', 'Motorcycles'] sustainability_initiatives=['Aiming for 100% recyclable vehicles by 2030', 'Using thermoplastics made from 40% recycled materials', 'Purchasing 100% green power for carbon neutrality', 'Doubling the proportion of secondary materials in production'] plastic_materials_used=['Folding plastic alternatives (90% recycled)', 'Thermoplastics containing recycled materials'] past_collaborations=['Partnering with environmental organizations for sustainable packaging', 'Collaborations to use ocean plastic in vehicle production'] operational_regions=['Global', 'Germany', 'United States', 'China', 'Europe']
2025-05-20 23:18:36,918 INFO Starting BrandAnalystCrew with input: {'brand': 'BMW', 'location': 'Munich'}
2025-05-20 23:18:36,918 INFO Crew instance created
2025-05-20 23:21:28,987 INFO Creating Sustainability Brand Researcher agent
2025-05-20 23:21:28,990 INFO Creating Plastic analyst agent
2025-05-20 23:21:29,901 INFO Starting BrandAnalystCrew with input: {'brand': 'BMW', 'location': 'Munich'}
2025-05-20 23:21:29,901 INFO Creating analyze_target_brand task
2025-05-20 23:21:29,905 INFO Crew instance created
2025-05-20 23:21:36,462 INFO Crew execution completed with result: brand_id=None name='BMW' industry='Automotive' main_products=['Passenger vehicles', 'Motorcycles'] sustainability_initiatives=['Targeting to use thermoplastics made from 40% recycled materials by 2030.', 'Creating 100% recyclable vehicles.', 'Using 100% green power in production locations since end of 2020.'] plastic_materials_used=['Folding plastic alternatives made from over 90% recycled materials.', 'Thermoplastics made from maritime plastic waste.'] past_collaborations=['Collaborating in the reduction of carbon emissions and sustainable material sourcing.', 'Working with partners to develop materials from recycled fishing nets.'] operational_regions=['Global operations with key manufacturing facilities in Germany, the United States, and China.']
2025-05-20 23:21:36,467 INFO Starting BrandAnalystCrew with input: {'brand': 'BMW', 'location': 'Munich'}
2025-05-20 23:21:36,467 INFO Crew instance created
2025-05-20 23:24:18,758 INFO Creating Sustainability Brand Researcher agent
2025-05-20 23:24:18,763 INFO Creating Plastic analyst agent
2025-05-20 23:24:20,014 INFO Starting BrandAnalystCrew with input: {'brand': 'BMW', 'location': 'Munich'}
2025-05-20 23:24:20,015 INFO Creating analyze_target_brand task
2025-05-20 23:24:20,019 INFO Crew instance created
2025-05-20 23:24:25,190 INFO Crew execution completed with result: brand_id=None name='BMW' industry='Automotive' main_products=['Cars', 'Motorcycles'] sustainability_initiatives=['Using recycled materials in packaging', 'Creating entirely recyclable vehicles', 'Aiming for 40% recycled materials in thermoplastics by 2030', 'Reducing CO2 emissions through sustainable logistics'] plastic_materials_used=['Thermoplastics', 'Recycled plastics'] past_collaborations=[] operational_regions=['Europe', 'Global']
2025-05-20 23:24:25,194 INFO Starting BrandAnalystCrew with input: {'brand': 'BMW', 'location': 'Munich'}
2025-05-20 23:24:25,194 INFO Crew instance created
2025-05-20 23:24:31,442 INFO Crew execution completed with result: brand_id=None name='BMW' industry='Automotive' main_products=['Cars', 'Motorcycles'] sustainability_initiatives=['Reducing carbon emissions', 'Creating 100% recyclable vehicles', 'Using recycled materials in packaging', 'Circular production principles'] plastic_materials_used=['Thermoplastics made from recycled materials', 'Packaging made from recycled materials'] past_collaborations=[] operational_regions=['Europe', 'Global']
2025-05-20 23:24:31,446 INFO Starting BrandAnalystCrew with input: {'brand': 'BMW', 'location': 'Munich'}
2025-05-20 23:24:31,446 INFO Crew instance created
2025-05-20 23:24:35,032 INFO Crew execution completed with result: brand_id=None name='BMW' industry='Automotive' main_products=['Luxury vehicles', 'Motorcycles'] sustainability_initiatives=['Use of recycled materials in production', 'Commitment to creating 100% recyclable vehicles', 'Reduction of carbon emissions', 'Sustainable logistics practices'] plastic_materials_used=['Thermoplastics from recycled materials'] past_collaborations=['Collaboration with suppliers to increase sustainable sourcing'] operational_regions=['Europe', 'North America', 'Asia']
2025-05-20 23:24:35,035 INFO Starting BrandAnalystCrew with input: {'brand': 'BMW', 'location': 'Munich'}
2025-05-20 23:24:35,035 INFO Crew instance created
2025-05-21 01:39:32,667 INFO Creating Sustainability Brand Researcher agent
2025-05-21 01:39:32,675 INFO Creating Plastic analyst agent
2025-05-21 01:39:34,910 INFO Starting crew kickoff with input: {'plastic_type': 'PP', 'location': 'Munich'}
2025-05-21 01:39:34,910 INFO Creating analyze plastic material task
2025-05-21 01:39:34,931 INFO Crew instance created
2025-05-21 01:39:43,154 INFO Crew execution completed with result: plastic_id='PP' type='Polypropylene' properties=['Lightweight and flexible', 'Excellent chemical resistance', 'High melting point (160-170°C)', 'Durable and impact-resistant'] applications=['Packaging (food containers, bags)', 'Automotive components', 'Textiles (carpets, upholstery)', 'Medical supplies (syringes, containers)'] environmental_impact='Polypropylene is not biodegradable, contributing to plastic pollution; however, it generates fewer waste products during disposal and is fully recyclable with less toxic emissions if recycled properly.' recycling_potential='PP has a low recycling rate (around 3%), primarily due to challenges in mechanical recycling, but it is highly recyclable and can be used in various applications after recycling.' regional_relevance=None
2025-05-21 01:39:43,159 INFO Starting crew kickoff with input: {'plastic_type': 'PP', 'location': 'Munich'}
2025-05-21 01:39:43,160 INFO Crew instance created
2025-05-21 01:39:50,974 INFO Crew execution completed with result: plastic_id='PP' type='Polypropylene' properties=['Strong and durable', 'Lightweight', 'Chemical resistance', 'Thermal stability', 'Low density'] applications=['Packaging (food containers, wrappers)', 'Automotive parts', 'Textiles (non-woven fabrics)', 'Household goods', 'Medical supplies'] environmental_impact='Polypropylene is not biodegradable and poses risks in terms of pollution. Its recycling rate is low (about 3% globally), leading to concerns about plastic waste accumulation and its environmental footprint. However, it generates fewer toxic emissions compared to other plastics when burned.' recycling_potential='PP is highly recyclable, though the recycling process can result in a decrease in material quality. Methods include mechanical recycling and chemical recycling. It is preferable for reducing CO2 emissions and conserving resources but faces challenges in collection and sorting.' regional_relevance=None
2025-05-21 01:39:50,981 INFO Starting crew kickoff with input: {'plastic_type': 'PP', 'location': 'Munich'}
2025-05-21 01:39:50,981 INFO Crew instance created
2025-05-21 01:39:56,415 INFO Crew execution completed with result: plastic_id='PP' type='Polypropylene' properties=['Polypropylene is a thermoplastic polymer made from the polymerization of propylene.', 'It has a high melting point, excellent chemical resistance, and low density.', 'PP has good tensile strength and flexibility, making it suitable for a wide range of applications.'] applications=['Consumer products (e.g., containers, packaging, textiles)', 'Automotive components', 'Medical supplies (e.g., syringes, lab equipment)', 'Household goods (e.g., furniture, appliances)'] environmental_impact='Polypropylene is not biodegradable, contributing to plastic pollution. However, it generates less solid waste during disposal and fewer greenhouse gas emissions compared to other plastics when recycled.' recycling_potential='PP is recyclable but has a low recycling rate of about 3%. The recycling process can result in a loss of material properties, affecting its strength and flexibility.' regional_relevance=None
2025-05-21 01:39:56,419 INFO Starting crew kickoff with input: {'plastic_type': 'PP', 'location': 'Munich'}
2025-05-21 01:39:56,419 INFO Crew instance created
2025-05-21 01:40:02,519 INFO Crew execution completed with result: plastic_id='PP' type='Polypropylene' properties=['Highly versatile thermoplastic', 'Good chemical resistance', 'Low density', 'Durable and lightweight', 'Thermoplastic - can be remolded', 'Resistant to moisture and electrical currents'] applications=['Packaging materials (containers, films)', 'Automobile parts', 'Textiles', 'Household goods (bottles, straws)', 'Medical supplies', 'Construction materials'] environmental_impact='PP is not biodegradable and contributes to plastic pollution. While it generates fewer toxic by-products than some other plastics, its low recycling rate (approximately 3%) limits its sustainability benefits.' recycling_potential='Polypropylene is recyclable, but the process is complex and often results in degraded material quality. It can be repurposed into several secondary products but faces specific challenges during recycling operations.' regional_relevance=None
2025-05-21 01:40:02,523 INFO Starting crew kickoff with input: {'plastic_type': 'PP', 'location': 'Munich'}
2025-05-21 01:40:02,523 INFO Crew instance created
