2025-05-20 11:18:33,913 INFO Creating Sustainability Brand Researcher agent
2025-05-20 11:18:33,919 INFO Creating Plastic analyst agent
2025-05-20 11:22:10,038 INFO Creating Sustainability Brand Researcher agent
2025-05-20 11:22:10,046 INFO Creating Plastic analyst agent
2025-05-20 11:22:11,427 INFO Starting crew kickoff with input: {'brand_data': RealDictRow([('id', 2), ('brand_id', '88648ebf-6bf0-58d4-9b3c-aeecb7c13fff'), ('name', 'BMW'), ('industry', 'Automotive'), ('main_products', ['Luxury Cars', 'Electric Vehicles', 'Motorcycles']), ('sustainability_initiatives', ['100% recyclable vehicles by 2030', 'Using thermoplastics made from 40% recycled material', 'Doubling the proportion of secondary materials in production']), ('plastic_materials_used', ['Thermoplastics', 'Maritime plastic waste', 'Recycled materials in packaging']), ('past_collaborations', ['PLASTIX for recycling maritime plastic waste']), ('operational_regions', ['Europe', 'North America', 'Asia']), ('created_at', datetime.datetime(2025, 5, 19, 22, 7, 58, 802629)), ('similarity_score', 0.8176051080226898)]), 'plastic_data': RealDictRow([('id', 1), ('plastic_id', '6ac87e67-8a1c-5ac4-9ac4-2a646a398217'), ('type', 'Polypropylene'), ('properties', ['Lightweight and flexible', 'High melting point (around 160°C)', 'Resistant to moisture, chemicals, and UV radiation', 'Excellent tensile strength']), ('applications', ['Packaging (e.g., food containers, bags)', 'Textiles (e.g., carpets, upholstery)', 'Automotive parts', 'Medical equipment and supplies', 'Consumer goods (e.g., toys, storage boxes)']), ('environmental_impact', 'PP is recyclable but has a low recycling rate of about 3%. It generates fewer waste products in disposal and does not release toxic chemicals during recycling. However, its environmental footprint can be significant if not recycled properly, contributing to plastic waste.'), ('recycling_potential', 'Polypropylene is highly recyclable but faces challenges due to the complexities of sorting and processing. It can be recycled into various products but often loses integrity during mechanical recycling.'), ('regional_relevance', None), ('created_at', datetime.datetime(2025, 5, 19, 23, 15, 39, 489825)), ('similarity_score', 0.8158388733863831)])}
2025-05-20 11:22:11,434 INFO Crew instance created
2025-05-20 11:22:11,454 ERROR Error in plastic analysis kickoff: Error interpolating description: Invalid value for key 'brand_data': Unsupported type datetime in inputs. Only str, int, float, bool, dict, and list are allowed.
2025-05-20 11:29:36,548 INFO Creating Sustainability Brand Researcher agent
2025-05-20 11:29:36,554 INFO Creating Plastic analyst agent
2025-05-20 11:29:38,007 INFO Starting BrandAnalystCrew with input: {'brand': 'BMW', 'location': 'Munich'}
2025-05-20 11:29:38,007 INFO Creating analyze_target_brand task
2025-05-20 11:29:38,013 INFO Crew instance created
2025-05-20 11:29:44,353 INFO Crew execution completed with result: brand_id=None name='BMW' industry='Automotive' main_products=['Vehicles', 'Motorcycles', 'Electric Vehicles'] sustainability_initiatives=['Reduction of carbon emissions', 'Use of recycled materials in production', 'Circular economy initiatives', 'Design for Circularity', 'Involvement in CO2 reduction projects beyond the value chain'] plastic_materials_used=['Folding plastic alternatives made from over 90% recycled materials', 'Materials made from maritime plastic waste', 'Thermoplastics made from 40% recycled material'] past_collaborations=['Partnerships for using recycled fishing nets', 'Collaboration on sustainable packaging logistics'] operational_regions=['Global', 'Europe', 'Asia', 'North America']
2025-05-20 11:29:44,361 INFO Starting BrandAnalystCrew with input: {'brand': 'BMW', 'location': 'Munich'}
2025-05-20 11:29:44,361 INFO Crew instance created
2025-05-20 11:29:49,565 INFO Crew execution completed with result: brand_id=None name='BMW' industry='Automotive' main_products=['Cars', 'Motorcycles', 'Electric Vehicles'] sustainability_initiatives=['Transitioning to using recycled plastic materials in production', 'Creating 100% recyclable vehicles', 'Aim to increase the use of secondary materials in production to 40% by 2030', 'Working on circular economy practices', 'Involvement in CO2 reduction projects'] plastic_materials_used=['Recycled plastics', 'Plastics from recycled fishing nets', 'Thermoplastics made from 40% recycled material'] past_collaborations=['Collaboration with suppliers to ensure the sustainable sourcing of materials'] operational_regions=['Global operations, including manufacturing plants in Germany, the USA, and Asia']
2025-05-20 11:29:49,569 INFO Starting BrandAnalystCrew with input: {'brand': 'BMW', 'location': 'Munich'}
2025-05-20 11:29:49,570 INFO Crew instance created
2025-05-20 11:29:56,232 INFO Crew execution completed with result: brand_id=None name='BMW' industry='Automotive' main_products=['Luxury vehicles', 'Electric vehicles', 'Motorcycles'] sustainability_initiatives=['Integrating 60 kg of recycled plastics into vehicles', 'Using thermoplastics made from 40% recycled material by 2030', 'Commitment to circular economy', 'Engaging in CO2 reduction projects'] plastic_materials_used=['Recycled plastics', 'Thermoplastics from maritime plastic waste', 'Plastic alternatives made from recycled material'] past_collaborations=['Collaboration to repurpose recycled fishing nets for automotive parts'] operational_regions=['Global presence with manufacturing in Europe, Asia, and the Americas']
2025-05-20 11:29:56,236 INFO Starting BrandAnalystCrew with input: {'brand': 'BMW', 'location': 'Munich'}
2025-05-20 11:29:56,237 INFO Crew instance created
2025-05-20 11:29:59,412 INFO Crew execution completed with result: brand_id=None name='BMW' industry='Automotive' main_products=['Cars', 'Motorcycles'] sustainability_initiatives=['Decarbonization', 'Circular economy', 'Use of recycled materials'] plastic_materials_used=['Recycled plastics', 'Thermoplastics'] past_collaborations=['Partnership for sustainable packaging', 'Collaboration for recycled fishing nets'] operational_regions=['Global']
2025-05-20 11:29:59,417 INFO Starting BrandAnalystCrew with input: {'brand': 'BMW', 'location': 'Munich'}
2025-05-20 11:29:59,417 INFO Crew instance created
2025-05-20 11:30:04,517 INFO Crew execution completed with result: brand_id=None name='BMW' industry='Automotive' main_products=['Luxury Vehicles', 'Electric Vehicles', 'Motorcycles'] sustainability_initiatives=['100% recyclable vehicles by 2025', 'Using 60 kg of recycled plastics on average per vehicle', 'Sourcing thermoplastics made from 40% recycled materials by 2030', "Engaging in circular production principles and the 'Design for Circularity' initiative"] plastic_materials_used=['Folding plastic alternatives made from over 90% recycled materials', 'Recycled fishing nets', 'Thermoplastics with secondary materials'] past_collaborations=['Collaborations involving recycled materials', 'Engagement in CO2 reduction projects'] operational_regions=['Global', 'Manufacturing regions include Germany, the US, and China']
2025-05-20 11:30:04,522 INFO Starting BrandAnalystCrew with input: {'brand': 'BMW', 'location': 'Munich'}
2025-05-20 11:30:04,522 INFO Crew instance created
2025-05-20 11:31:08,223 INFO Creating Sustainability Brand Researcher agent
2025-05-20 11:31:08,228 INFO Creating Plastic analyst agent
2025-05-20 11:31:09,443 INFO Starting BrandAnalystCrew with input: {'brand': 'BMW', 'location': 'Munich'}
2025-05-20 11:31:09,444 INFO Creating analyze_target_brand task
2025-05-20 11:31:09,448 INFO Crew instance created
2025-05-20 11:50:46,893 INFO Creating Sustainability Brand Researcher agent
2025-05-20 11:50:46,900 INFO Creating Plastic analyst agent
2025-05-20 11:50:48,422 INFO Starting crew kickoff with input: {'brand_data': {'id': 2, 'brand_id': '88648ebf-6bf0-58d4-9b3c-aeecb7c13fff', 'name': 'BMW', 'industry': 'Automotive', 'main_products': ['Luxury Cars', 'Electric Vehicles', 'Motorcycles'], 'sustainability_initiatives': ['100% recyclable vehicles by 2030', 'Using thermoplastics made from 40% recycled material', 'Doubling the proportion of secondary materials in production'], 'plastic_materials_used': ['Thermoplastics', 'Maritime plastic waste', 'Recycled materials in packaging'], 'past_collaborations': ['PLASTIX for recycling maritime plastic waste'], 'operational_regions': ['Europe', 'North America', 'Asia'], 'created_at': '2025-05-19T22:07:58.802629', 'similarity_score': 0.8176051080226898}, 'plastic_data': {'id': 1, 'plastic_id': '6ac87e67-8a1c-5ac4-9ac4-2a646a398217', 'type': 'Polypropylene', 'properties': ['Lightweight and flexible', 'High melting point (around 160°C)', 'Resistant to moisture, chemicals, and UV radiation', 'Excellent tensile strength'], 'applications': ['Packaging (e.g., food containers, bags)', 'Textiles (e.g., carpets, upholstery)', 'Automotive parts', 'Medical equipment and supplies', 'Consumer goods (e.g., toys, storage boxes)'], 'environmental_impact': 'PP is recyclable but has a low recycling rate of about 3%. It generates fewer waste products in disposal and does not release toxic chemicals during recycling. However, its environmental footprint can be significant if not recycled properly, contributing to plastic waste.', 'recycling_potential': 'Polypropylene is highly recyclable but faces challenges due to the complexities of sorting and processing. It can be recycled into various products but often loses integrity during mechanical recycling.', 'regional_relevance': None, 'created_at': '2025-05-19T23:15:39.489825', 'similarity_score': 0.8158388733863831}}
2025-05-20 11:50:48,442 INFO Crew instance created
2025-05-20 11:51:00,154 INFO Crew execution completed with result: input_summary={'brand': 'Sustainable Brands Community', 'plastic': 'Various plastics used in sustainable products'} top_collaborating_brands=[CollaborationRecommendation(name='Good On You', industry='Fashion', rationale='Good On You is a platform helping consumers discover sustainable brands. Their mission aligns with promoting ethical and environmentally friendly practices.', product_concept='Collaborate on a curated collection of sustainable clothing lines, featuring brands that meet strict environmental standards.'), CollaborationRecommendation(name='Ethical Brand Directory', industry='Fashion and Beauty', rationale='This directory highlights independent ethical brands, making it an ideal partner for showcasing products made from sustainable plastics.', product_concept='Create a showcase featuring products made with recycled plastics from this directory, promoting the collaborative effort in sustainable innovation.'), CollaborationRecommendation(name='SB Insight', industry='Market Research', rationale='As a research entity focused on sustainable branding, they have insights on brands across various industries, which can facilitate strategic partnerships.', product_concept='Develop a report or series of webinars on the usage of recycled plastics in various products to promote sustainable practices.'), CollaborationRecommendation(name='Forbes Sustainability', industry='Media', rationale='Forbes provides a high-profile platform for sustainability trends and successful case studies, amplifying the reach of collaborative initiatives.', product_concept='Feature stories and articles about the innovative uses of sustainable plastics in partnership products, highlighting the benefits of the collaboration.'), CollaborationRecommendation(name='Madeto Sustain', industry='Eco-Friendly Products', rationale='This brand focuses on promoting sustainable products and can provide a direct path to eco-conscious consumers.', product_concept='Launch a line of eco-friendly products that leverage sustainable plastics, marketed together to emphasize environmental responsibility.')]
2025-05-20 11:53:49,195 INFO Creating Sustainability Brand Researcher agent
2025-05-20 11:53:49,203 INFO Creating Plastic analyst agent
2025-05-20 11:53:49,437 INFO Starting BrandAnalystCrew with input: {'brand': 'bosch', 'location': 'Berlin'}
2025-05-20 11:53:49,437 INFO Creating analyze_target_brand task
2025-05-20 11:53:49,443 INFO Crew instance created
2025-05-20 11:53:54,938 INFO Crew execution completed with result: brand_id=None name='Bosch' industry='Engineering and Technology' main_products=['Power Tools', 'Automotive Components', 'Home Appliances', 'Industrial Technology'] sustainability_initiatives=['Plastic-free packaging initiatives', 'Partnership with WWF Germany', 'Elimination of virgin plastic', 'Sustainable logistics collaborations'] plastic_materials_used=['Recyclable plastic alternatives', 'Virgin plastic'] past_collaborations=['WWF Germany', 'DS Smith for packaging solutions'] operational_regions=['Global', 'Europe', 'Asia', 'North America']
2025-05-20 11:53:54,946 INFO Starting BrandAnalystCrew with input: {'brand': 'bosch', 'location': 'Berlin'}
2025-05-20 11:53:54,947 INFO Crew instance created
2025-05-20 11:53:59,050 INFO Crew execution completed with result: brand_id=None name='Bosch' industry='Engineering and Technology' main_products=['Automotive components', 'Power tools', 'Home appliances', 'Industrial technology'] sustainability_initiatives=['Eliminating virgin plastic', 'Using recyclable packaging', 'Long-term partnership with WWF Germany', 'Sustainable logistics collaborations'] plastic_materials_used=['Recyclable plastics', 'Cardboard (as a replacement for plastic packaging)'] past_collaborations=['WWF Germany', 'DS Smith for packaging solutions'] operational_regions=['Global']
2025-05-20 11:53:59,075 INFO Starting BrandAnalystCrew with input: {'brand': 'bosch', 'location': 'Berlin'}
2025-05-20 11:53:59,076 INFO Crew instance created
2025-05-20 11:54:07,024 INFO Crew execution completed with result: brand_id=None name='Bosch' industry='Engineering and Technology' main_products=['Power tools', 'Home appliances', 'Automotive components', 'Industrial technology'] sustainability_initiatives=['Commitment to reducing plastic usage', 'Circular economy initiatives', 'Partnerships for sustainable logistics'] plastic_materials_used=['Formed fiber packaging', 'Virgin plastic for certain products (to be phased out)'] past_collaborations=['WWF Germany', 'DS Smith for packaging solutions'] operational_regions=['Global operations with significant presence in Europe, Asia, and North America']
2025-05-20 11:54:07,028 INFO Starting BrandAnalystCrew with input: {'brand': 'bosch', 'location': 'Berlin'}
2025-05-20 11:54:07,029 INFO Crew instance created
2025-05-20 11:54:11,146 INFO Crew execution completed with result: brand_id=None name='Bosch' industry='Engineering and Technology' main_products=['Automotive components', 'Household appliances', 'Industrial equipment', 'Power tools'] sustainability_initiatives=['Use, repair, and reuse products and materials', 'Elimination of virgin plastic', 'Partnership with WWF Germany for sustainability'] plastic_materials_used=['Formed fiber for packaging (replacing traditional plastics)', 'Recyclable plastics in some products'] past_collaborations=['Long-term partnership with WWF Germany', 'Collaboration on sustainable logistics with suppliers'] operational_regions=['Global', 'Europe', 'North America', 'Asia']
2025-05-20 11:54:11,154 INFO Starting BrandAnalystCrew with input: {'brand': 'bosch', 'location': 'Berlin'}
2025-05-20 11:54:11,154 INFO Crew instance created
2025-05-20 11:54:17,137 INFO Crew execution completed with result: brand_id=None name='Bosch' industry='Engineering and Technology' main_products=['Home Appliances', 'Power Tools', 'Automotive Parts'] sustainability_initiatives=['Eliminating virgin plastic by 4,050 metric tons annually', 'Using recyclable materials', 'Partnership with WWF Germany'] plastic_materials_used=['Recyclable formed fiber packaging', 'Plastic-free packaging'] past_collaborations=['WWF Germany', 'DS Smith for industrial packaging'] operational_regions=['Global operations with significant presence in Europe and the Americas']
2025-05-20 11:54:17,142 INFO Starting BrandAnalystCrew with input: {'brand': 'bosch', 'location': 'Berlin'}
2025-05-20 11:54:17,142 INFO Crew instance created
2025-05-20 13:21:01,602 INFO Creating Sustainability Brand Researcher agent
2025-05-20 13:21:01,607 INFO Creating Plastic analyst agent
2025-05-20 13:21:02,923 INFO Starting crew kickoff with input: {'brand_data': {'id': 6, 'brand_id': '90c7f015-0839-561a-b0dc-97d07f4bb111', 'name': 'Bosch', 'industry': 'Engineering and Technology', 'main_products': ['Power Tools', 'Automotive Components', 'Home Appliances', 'Industrial Technology'], 'sustainability_initiatives': ['Plastic-free packaging initiatives', 'Partnership with WWF Germany', 'Elimination of virgin plastic', 'Sustainable logistics collaborations'], 'plastic_materials_used': ['Recyclable plastic alternatives', 'Virgin plastic'], 'past_collaborations': ['WWF Germany', 'DS Smith for packaging solutions'], 'operational_regions': ['Global', 'Europe', 'Asia', 'North America'], 'created_at': '2025-05-20T09:53:54.996704', 'similarity_score': 0.8417637050151825}, 'plastic_data': {'id': 1, 'plastic_id': '6ac87e67-8a1c-5ac4-9ac4-2a646a398217', 'type': 'Polypropylene', 'properties': ['Lightweight and flexible', 'High melting point (around 160°C)', 'Resistant to moisture, chemicals, and UV radiation', 'Excellent tensile strength'], 'applications': ['Packaging (e.g., food containers, bags)', 'Textiles (e.g., carpets, upholstery)', 'Automotive parts', 'Medical equipment and supplies', 'Consumer goods (e.g., toys, storage boxes)'], 'environmental_impact': 'PP is recyclable but has a low recycling rate of about 3%. It generates fewer waste products in disposal and does not release toxic chemicals during recycling. However, its environmental footprint can be significant if not recycled properly, contributing to plastic waste.', 'recycling_potential': 'Polypropylene is highly recyclable but faces challenges due to the complexities of sorting and processing. It can be recycled into various products but often loses integrity during mechanical recycling.', 'regional_relevance': None, 'created_at': '2025-05-19T23:15:39.489825', 'similarity_score': 0.8158388733863831}}
2025-05-20 13:21:02,935 INFO Crew instance created
2025-05-20 13:22:07,414 INFO Creating Sustainability Brand Researcher agent
2025-05-20 13:22:07,419 INFO Creating Plastic analyst agent
2025-05-20 13:22:08,637 INFO Starting BrandAnalystCrew with input: {'brand': 'Lego', 'location': 'Berlin'}
2025-05-20 13:22:08,638 INFO Creating analyze_target_brand task
2025-05-20 13:22:08,642 INFO Crew instance created
2025-05-20 13:22:14,462 INFO Crew execution completed with result: brand_id=None name='Lego' industry='Toys' main_products=['Lego bricks', 'Lego sets', 'Minifigures'] sustainability_initiatives=['Reducing greenhouse gas emissions by 37% by 2032', 'Using sustainable packaging materials', 'Transitioning to more sustainable raw materials', 'Supplier Sustainability Programme'] plastic_materials_used=['ABS plastic', 'Polycarbonate', 'Bio-based plastics from sugarcane'] past_collaborations=[] operational_regions=['Vietnam', 'Europe', 'Global']
2025-05-20 13:22:14,469 INFO Starting BrandAnalystCrew with input: {'brand': 'Lego', 'location': 'Berlin'}
2025-05-20 13:22:14,469 INFO Crew instance created
2025-05-20 13:22:18,937 INFO Crew execution completed with result: brand_id=None name='Lego' industry='Toys and Entertainment' main_products=['Building Bricks', 'Playsets', 'Minifigures'] sustainability_initiatives=['Aiming to reduce greenhouse gas emissions by 37% by 2032', 'Transitioning to more sustainable raw materials', 'Switching to paper-based packaging to replace single-use plastics', 'Launched a Supplier Sustainability Programme to enhance collaboration with suppliers'] plastic_materials_used=['ABS plastic', 'Polycarbonate', 'Bioplastics made from Brazilian sugarcane'] past_collaborations=[] operational_regions=['Vietnam', 'Europe', 'United States']
2025-05-20 13:22:18,942 INFO Starting BrandAnalystCrew with input: {'brand': 'Lego', 'location': 'Berlin'}
2025-05-20 13:22:18,942 INFO Crew instance created
2025-05-20 13:22:23,215 INFO Crew execution completed with result: brand_id=None name='Lego' industry='Toys and Games' main_products=['LEGO bricks', 'LEGO sets', 'LEGO minifigures'] sustainability_initiatives=['Reducing greenhouse gas emissions by 37% by 2032', 'Transitioning to sustainable raw materials', 'Using more sustainable packaging such as paper-based bags', 'Launching Supplier Sustainability Programme to enhance collaboration with suppliers', 'Implementing carbon-neutral manufacturing processes'] plastic_materials_used=['Novodur ABS', 'Makrolon polycarbonate', 'Brazilian sugarcane-based plastics'] past_collaborations=[] operational_regions=['Vietnam', 'Europe', 'United States']
2025-05-20 13:22:23,219 INFO Starting BrandAnalystCrew with input: {'brand': 'Lego', 'location': 'Berlin'}
2025-05-20 13:22:23,220 INFO Crew instance created
2025-05-20 13:22:27,790 INFO Crew execution completed with result: brand_id=None name='Lego' industry='Toys and games' main_products=['LEGO bricks', 'LEGO sets', 'LEGO minifigures'] sustainability_initiatives=['Reducing greenhouse gas emissions', 'Transitioning to sustainable raw materials', 'Eliminating single-use plastics', 'Implementing a Supplier Sustainability Programme', 'Using paper-based packaging'] plastic_materials_used=['ABS (Acrylonitrile Butadiene Styrene)', 'Polycarbonate', 'Dyes like Macrolex', 'Sugarcane-based plastics'] past_collaborations=[] operational_regions=['Europe', 'Asia', 'United States', 'Vietnam']
2025-05-20 13:22:27,796 INFO Starting BrandAnalystCrew with input: {'brand': 'Lego', 'location': 'Berlin'}
2025-05-20 13:22:27,796 INFO Crew instance created
2025-05-20 13:22:35,888 INFO Crew execution completed with result: brand_id=None name='Lego' industry='Toys and Games' main_products=['LEGO bricks', 'LEGO Sets', 'LEGO Robotics'] sustainability_initiatives=['Aiming to reduce greenhouse gas emissions by 37% by 2032', 'Transitioning to sustainable raw materials', 'Implementing a Supplier Sustainability Programme', 'Using paper-based packaging to replace single-use plastic'] plastic_materials_used=['ABS (Acrylonitrile Butadiene Styrene)', 'Makrolon polycarbonate', 'Macrolex dyes', 'Plastic made from Brazilian sugarcane'] past_collaborations=[] operational_regions=['Europe', 'Vietnam', 'Chesterfield County, Virginia']
2025-05-20 13:22:35,897 INFO Starting BrandAnalystCrew with input: {'brand': 'Lego', 'location': 'Berlin'}
2025-05-20 13:22:35,898 INFO Crew instance created
2025-05-20 15:49:41,874 INFO Creating Sustainability Brand Researcher agent
2025-05-20 15:49:41,879 INFO Creating Plastic analyst agent
